app/dashboard/part1/meetings/new/page.tsx(68,52): error TS2345: Argument of type '{ title: string; description?: string | undefined; meetingDate: string; location?: string | undefined; }' is not assignable to parameter of type 'CreateMeetingInput'.
  Types of property 'location' are incompatible.
    Type 'string | undefined' is not assignable to type 'string'.
      Type 'undefined' is not assignable to type 'string'.
